[INFO] Scanning for projects...
[INFO] 
[INFO] -------------------< com.guardianlink:GuardianLink >--------------------
[INFO] Building GuardianLink 1.0-SNAPSHOT
[INFO]   from pom.xml
[INFO] --------------------------------[ jar ]---------------------------------
[WARNING] 6 problems were encountered while building the effective model for org.openjfx:javafx-controls:jar:21.0.2 during dependency collection step for project (use -X to see details)
[INFO] 
[INFO] --- clean:3.2.0:clean (default-clean) @ GuardianLink ---
[INFO] Deleting D:\PROJECTS\Guardian_Link\target
[INFO] 
[INFO] --- resources:3.3.1:resources (default-resources) @ GuardianLink ---
[INFO] skip non existing resourceDirectory D:\PROJECTS\Guardian_Link\src\main\resources
[INFO] 
[INFO] --- compiler:3.13.0:compile (default-compile) @ GuardianLink ---
[INFO] Recompiling the module because of changed source code.
[INFO] Compiling 51 source files with javac [debug target 21] to target\classes
[INFO] ------------------------------------------------------------------------
[INFO] BUILD SUCCESS
[INFO] ------------------------------------------------------------------------
[INFO] Total time:  2.625 s
[INFO] Finished at: 2026-03-25T14:47:36+06:00
[INFO] ------------------------------------------------------------------------
